"blank"					  				"=========================="
"blank"					  				"#BINDINGS_HEADER_MOVEMENT"
"blank"					  				"=========================="
"+forward"				  				"#MOVE_FORWARD"
"+backward"					  			"#MOVE_BACK"
"+moveleft"				  				"#MOVE_LEFT"
"+moveright"			  				"#MOVE_RIGHT"
"+speed"				  				"#SPRINT"
"+jump"     			  				"#JUMP"
"+toggle_duck"			  				"#CROUCH_TOGGLE_PC"
"+duck"					  				"#CROUCH_HOLD_PC"
"blank"					  				"=========================="
"blank"					  				"#BINDINGS_HEADER_WEAPONS_AND_ABILITIES"
"blank"					  				"=========================="
"+offhand1"				  				"#TACTICAL_ABILITY"
"+offhand4"				  				"#ULTIMATE_ABILITY"
"+use; +use_long"		  				"#USE"
"+use_alt"				  				"#USE_ALT_BINDING_HINT"
"toggle_inventory"	      				"#INVENTORY"
"toggle_map"			  				"#MAP"
"+attack"				  				"#FIRE"
"+scriptcommand3"		  				"#SWITCH_FIRE_MODE"
"+toggle_zoom"			  				"#AIM_TOGGLE_PC"
"+zoom"					  				"#AIM_HOLD_PC"
"+melee"				  				"#MELEE"
"+reload"				  				"#RELOAD"
"+weaponCycle"			  				"#SWITCH_WEAPONS"
"weaponSelectPrimary0"	  				"#EQUIP_WEAPON1"
"weaponSelectPrimary1"	  				"#EQUIP_WEAPON2"
"weaponSelectPrimary2"   				"#EQUIP_MELEE"
"weaponSelectOrdnance"    				"#EQUIP_GRENADE"
"+scriptCommand6"    				    "#EQUIP_GADGET"
"+scriptCommand4"		  				"#USE_HEALTH_ITEM"
"use_consumable HEALTH_SMALL"			"#USE_HEALTH_ITEM_HS"
"use_consumable HEALTH_LARGE"			"#USE_HEALTH_ITEM_HL"
"use_consumable SHIELD_SMALL"			"#USE_HEALTH_ITEM_SS"
"use_consumable SHIELD_LARGE"			"#USE_HEALTH_ITEM_SL"
"use_consumable PHOENIX_KIT"			"#USE_HEALTH_ITEM_PK"
"+scriptCommand5"		  				"#GIB_SHIELD_TOGGLE"
"weapon_inspect"		  				"#INSPECT_WEAPON"
"blank"					  				"=========================="
"blank"					  				"#BINDINGS_HEADER_COMMUNICATION"
"blank"					  				"=========================="
"chat_wheel"    		  				"#BIND_OPEN_CHAT_WHEEL"
"+ping"					  				"#PING_ABILITY"
"ping_specific_type ENEMY"				"#BINDING_PING_ENEMY"
"ping_specific_type GOING"				"#BINDING_PING_GOING"
"ping_specific_type LOOTING"			"#BINDING_PING_LOOTING"
"ping_specific_type DEFENDING"			"#BINDING_PING_DEFENDING"
"ping_specific_type WATCHING"			"#BINDING_PING_WATCHING"
"ping_specific_type AREA_VISITED"		"#BINDING_PING_AREA_VISITED"
"+pushtotalk"			  				"#PUSH_TO_TALK_KEY"
"say_team"				  				"#MESSAGE_TEAM"
"blank"					  				"=========================="
"blank"					  				"#BINDINGS_HEADER_MISCELLANEOUS"
"blank"					  				"=========================="
"jpeg"					  				"#SCREENSHOT"
"blank"					  				"=========================="
"blank"					  				"#BINDINGS_HEADER_OBSERVER"
"blank"					  				"=========================="
"in_spec_teamplayer1"					"#SPECTATE_PLAYER_1"
"in_spec_teamplayer2"					"#SPECTATE_PLAYER_2"
"in_spec_teamplayer3"					"#SPECTATE_PLAYER_3"
"in_spec_next"					  		"#SPECTATE_NEXT_PLAYER"
"in_spec_prev"					  		"#SPECTATE_PREV_PLAYER"
"in_spec_next_team"					  	"#SPECTATE_NEXT_TEAM"
"in_spec_prev_team"					  	"#SPECTATE_PREVIOUS_TEAM"
"in_spec_closest_player"				"#SPECTATE_CLOSEST_PLAYER"
"in_spec_closest_enemy"					"#SPECTATE_CLOSEST_ENEMY"
"in_spec_kill_leader"					"#SPECTATE_KILLLEADER"
"in_spec_last_attacker"					"#SPECTATE_LAST_ATTACKER"
"toggle_obs_highlight"				    "#TOGGLE_OBSERVER_HIGHLIGHT"
"toggle_obs_player_tags"			    "#TOGGLE_OBSERVER_TAGS"
"in_spec_toggle_freecam"			    "#TOGGLE_OBSERVER_FREECAM"
"in_spec_toggle_ui"					  	"#TOGGLE_OBSERVER_UI"
"toggle_obs_ring_survey"			    "#TOGGLE_OBSERVER_RING"
"in_spec_toggle_obituary"				"#TOGGLE_OBSERVER_OBITURARY"